{smcl}
{txt}{sf}{ul off}{.-}
      name:  {res}<unnamed>
       {txt}log:  {res}C:/Users/themacfreezie/git/weather_project/tanzania/household_code/logs/wv2_AGSEC3A.smcl
  {txt}log type:  {res}smcl
 {txt}opened on:  {res}11 May 2020, 00:03:09
{txt}
{com}. 
. 
. **********************************************************************************
. **      TZA 2010 (Wave 2) - Agriculture Section 3A 
. **********************************************************************************
. 
. * load data
.         use             "`root'/AG_SEC3A", clear
{err}{p 0 4 2}
file /AG_SEC3A.dta
not found
{p_end}
{txt}{search r(601), local:r(601);}

end of do-file

{search r(601), local:r(601);}

{com}. do "C:\Users\themacfreezie\git\weather_project\tanzania\household_code\wave_1\2008_AGSEC3B.do"
{txt}
{com}. * Project: WB Weather
. * Created on: May 2020
. * Created by: McG
. * Stata v.15
. 
. * does
.         *cleans Tanzania household variables, wave 1 Ag sec3b
.         * plot details, inputs, 2008 short rainy season
. 
. * assumes
.         * customsave.ado
. 
. * TO DO:
.         * completed
. 
.         
. * **********************************************************************
. * 0 - setup
. * **********************************************************************
. 
. * set user
.         global user "themacfreezie"
{txt}
{com}. 
. * define paths
.         global root = "G:/My Drive/weather_project/household_data/tanzania/wave_1/raw"
{txt}
{com}.         global export = "G:/My Drive/weather_project/household_data/tanzania/wave_1/refined"
{txt}
{com}.         global logout = "C:/Users/$user/git/weather_project/tanzania/household_code/logs"
{txt}
{com}. 
. *Open log
.         log using "$logout/wv1_AGSEC3B", append
{err}log file already open
{txt}{search r(604), local:r(604);}

end of do-file

{search r(604), local:r(604);}

{com}. log close
      {txt}name:  {res}<unnamed>
       {txt}log:  {res}C:/Users/themacfreezie/git/weather_project/tanzania/household_code/logs/wv2_AGSEC3A.smcl
  {txt}log type:  {res}smcl
 {txt}closed on:  {res}11 May 2020, 00:03:28
{txt}{.-}
{smcl}
{txt}{sf}{ul off}{smcl}
{com}{sf}{ul off}{txt}{.-}
      name:  {res}<unnamed>
       {txt}log:  {res}C:/Users/themacfreezie/git/weather_project/tanzania/household_code/logs/wv2_AGSEC3A.smcl
  {txt}log type:  {res}smcl
 {txt}opened on:  {res}11 May 2020, 00:05:20
{txt}
{com}. 
. 
. **********************************************************************************
. **      TZA 2010 (Wave 2) - Agriculture Section 3A 
. **********************************************************************************
. 
. * load data
.         use             "$root/AG_SEC3A", clear
{txt}
{com}. 
. * renaming variables of interest
.         rename          y2_hhid hhid
{res}{txt}
{com}.         generate        plot_id = hhid + " " + plotnum
{txt}
{com}.         isid    plot_id
{txt}
{com}. 
. * renaming inputs
.         rename          ag3a_03 status
{res}{txt}
{com}.         rename          zaocode crop_code
{res}{txt}
{com}.         rename          ag3a_17 irrigated 
{res}{txt}
{com}.         rename          ag3a_45 fert_any
{res}{txt}
{com}.         rename          ag3a_47 kilo_fert
{res}{txt}
{com}.         rename          ag3a_58 pesticide_any
{res}{txt}
{com}.         label           define pesticide_anyl 1 "Yes" 2 "No"
{txt}
{com}.         label           values pesticide_any pesticide_anyl
{txt}
{com}. 
. * labor inputs
.         egen            hh_labor_days = rsum(ag3a_70_1 ag3a_70_2 ag3a_70_3 ag3a_70_4 ag3a_70_5 ag3a_70_6 ag3a_70_13 ag3a_70_14 ///
>                                 ag3a_70_15 ag3a_70_16 ag3a_70_17 ag3a_70_18 ag3a_70_37 ag3a_70_38 ag3a_70_39 ag3a_70_40 ag3a_70_41 ag3a_70_42 ///
>                                 ag3a_70_25 ag3a_70_26 ag3a_70_27 ag3a_70_28 ag3a_70_29 ag3a_70_30)
{txt}
{com}. 
.         egen            hired_labor_days = rsum(ag3a_72_1 ag3a_72_2 ag3a_72_21 ag3a_72_4 ag3a_72_5 ag3a_72_51 ///
>                                 ag3a_72_61  ag3a_72_62 ag3a_72_63 ag3a_72_7 ag3a_72_8 ag3a_72_81)
{txt}
{com}.  
.         generate        labor_days = hh_labor_days + hired_labor_days
{txt}
{com}. 
. * generate seasonal variable
.         generate        season = 0      
{txt}
{com}. 
. * keep what we want, get rid of the rest
.         keep            hhid plot_id status crop_code irrigated fert_any kilo_fert pesticide_any labor_days season plotnum
{txt}
{com}. 
. *       Prepare for export
. compress
  {txt}variable {bf}labor_days{sf} was {bf}{res}float{sf}{txt} now {bf}{res}int{sf}
  {txt}variable {bf}season{sf} was {bf}{res}float{sf}{txt} now {bf}{res}byte{sf}
{txt}  (30,190 bytes saved)

{com}. describe

{txt}Contains data from {res}G:/My Drive/weather_project/household_data/tanzania/wave_2/raw/AG_SEC3A.dta
{txt}  obs:{res}         6,038                          
{txt} vars:{res}            11                          01 May 2014 17:46
{txt}{hline}
              storage   display    value
variable name   type    format     label      variable label
{hline}
{p 0 48}{res}{bind:hhid           }{txt}{bind: str16   }{bind:{txt}%-16s     }{space 1}{bind:         }{bind:  }{res}{res}Unique Household Indentifier{p_end}
{p 0 48}{bind:plotnum        }{txt}{bind: str3    }{bind:{txt}%-3s      }{space 1}{bind:         }{bind:  }{res}{res}Plot Code{p_end}
{p 0 48}{bind:status         }{txt}{bind: byte    }{bind:{txt}%16.0g    }{space 1}{bind:ag3a_03  }{bind:  }{res}{res}How did you use [PLOT] during the long rainy season 2010?{p_end}
{p 0 48}{bind:crop_code      }{txt}{bind: int     }{bind:{txt}%16.0g    }{space 1}{bind:zaocode  }{bind:  }{res}{res}Crop code for main crop{p_end}
{p 0 48}{bind:irrigated      }{txt}{bind: byte    }{bind:{txt}%16.0g    }{space 1}{bind:ag3a_17  }{bind:  }{res}{res}Was [PLOT] irrigated in the long rainy season 2010?{p_end}
{p 0 48}{bind:fert_any       }{txt}{bind: byte    }{bind:{txt}%16.0g    }{space 1}{bind:ag3a_45  }{bind:  }{res}{res}Did you use any INORGANIC FERTILIZER on [PLOT] in the long rainy season 2010?{p_end}
{p 0 48}{bind:kilo_fert      }{txt}{bind: long    }{bind:{txt}%16.0g    }{space 1}{bind:         }{bind:  }{res}{res}What quantity of [FERTILIZER] did you use?{p_end}
{p 0 48}{bind:pesticide_any  }{txt}{bind: byte    }{bind:{txt}%16.0g    }{space 1}{txt}pesticide_anyl{p_end}
{p 0 48}{space 44}{bind:  }{res}{res}Did you use any pesticide/ herbicide on [PLOT] in the long rainy season 2010?{p_end}
{p 0 48}{bind:plot_id        }{txt}{bind: str20   }{bind:{txt}%20s      }{space 1}{bind:         }{bind:  }{res}{res}{p_end}
{p 0 48}{bind:labor_days     }{txt}{bind: int     }{bind:{txt}%9.0g     }{space 1}{bind:         }{bind:  }{res}{res}{p_end}
{p 0 48}{bind:season         }{txt}{bind: byte    }{bind:{txt}%9.0g     }{space 1}{bind:         }{bind:  }{res}{res}{p_end}
{txt}{hline}
Sorted by: 
{res}     Note: Dataset has changed since last saved.
{txt}
{com}. summarize 

{txt}    Variable {c |}        Obs        Mean    Std. Dev.       Min        Max
{hline 13}{c +}{hline 57}
{space 8}hhid {c |}{res}          0
{txt}{space 5}plotnum {c |}{res}          0
{txt}{space 6}status {c |}{res}      6,038    1.574031    1.228587          1          6
{txt}{space 3}crop_code {c |}{res}      4,877    28.10826    68.41634         11        998
{txt}{space 3}irrigated {c |}{res}      4,989    1.979355    .1422084          1          2
{txt}{hline 13}{c +}{hline 57}
{space 4}fert_any {c |}{res}      4,805    1.872008    .3341153          1          2
{txt}{space 3}kilo_fert {c |}{res}        615     224.574    2464.211          1      50000
{txt}pesticide_~y {c |}{res}      4,805    1.909886    .2863755          1          2
{txt}{space 5}plot_id {c |}{res}          0
{txt}{space 2}labor_days {c |}{res}      6,038    64.47847    75.14888          0        902
{txt}{hline 13}{c +}{hline 57}
{space 6}season {c |}{res}      6,038           0           0          0          0
{txt}
{com}. sort plot_id
{txt}
{com}. customsave , idvar(plot_id) filename(AG_SEC3A.dta) path("$export") dofile(2010_AGSEC3A) user($user)
 with do file 2010_AGSEC3A by user themacfreezie using computer Torbit

{txt}
{com}. 
. * close the log
.         log     close
      {txt}name:  {res}<unnamed>
       {txt}log:  {res}C:/Users/themacfreezie/git/weather_project/tanzania/household_code/logs/wv2_AGSEC3A.smcl
  {txt}log type:  {res}smcl
 {txt}closed on:  {res}11 May 2020, 00:05:21
{txt}{.-}
{smcl}
{txt}{sf}{ul off}