{smcl}
{txt}{sf}{ul off}{.-}
      name:  {res}<unnamed>
       {txt}log:  {res}C:/Users/themacfreezie/git/weather_project/tanzania/household_code/logs/wv2_AGSEC3B.smcl
  {txt}log type:  {res}smcl
 {txt}opened on:  {res}10 May 2020, 23:41:07
{txt}
{com}. 
. 
. **********************************************************************************
. **      TZA 2008 (Wave 1) - Agriculture Section 3B 
. **********************************************************************************
. 
. * load data
.         use     "`root'/AG_SEC3B", clear
{err}{p 0 4 2}
file /AG_SEC3B.dta
not found
{p_end}
{txt}{search r(601), local:r(601);}

end of do-file

{search r(601), local:r(601);}

{com}. do "C:\Users\themacfreezie\git\weather_project\tanzania\household_code\wave_4\2014_AGSEC3B.do"
{txt}
{com}. * Project: WB Weather
. * Created on: May 2020
. * Created by: McG
. * Stata v.16
. 
. * does
.         * cleans Tanzania household variables, wave 4 Ag sec3b
.         * plot details, inputs, 2014 short rainy season
.         
. * assumes
.         * customsave.ado
. 
. * TO DO:
.         * completed
. 
.         
. * **********************************************************************
. * 0 - setup
. * **********************************************************************
. 
. * set user
.         global user "themacfreezie"
{txt}
{com}. 
. * define paths
.         global root = "G:/My Drive/weather_project/household_data/tanzania/wave_4/raw"
{txt}
{com}.         global export = "G:/My Drive/weather_project/household_data/tanzania/wave_4/refined"
{txt}
{com}.         global logout = "G:/My Drive/weather_project/household_data/tanzania/logs"
{txt}
{com}. 
. * open log
.         log using "$logout/wv4_AGSEC3B", append
{err}log file already open
{txt}{search r(604), local:r(604);}

end of do-file

{search r(604), local:r(604);}

{com}. do "C:\Users\themacfreezie\git\weather_project\tanzania\household_code\wave_4\2014_AGSEC3B.do"
{txt}
{com}. * Project: WB Weather
. * Created on: May 2020
. * Created by: McG
. * Stata v.16
. 
. * does
.         * cleans Tanzania household variables, wave 4 Ag sec3b
.         * plot details, inputs, 2014 short rainy season
.         
. * assumes
.         * customsave.ado
. 
. * TO DO:
.         * completed
. 
.         
. * **********************************************************************
. * 0 - setup
. * **********************************************************************
. 
. * set user
.         global user "themacfreezie"
{txt}
{com}. 
. * define paths
.         global root = "G:/My Drive/weather_project/household_data/tanzania/wave_4/raw"
{txt}
{com}.         global export = "G:/My Drive/weather_project/household_data/tanzania/wave_4/refined"
{txt}
{com}.         global logout = "G:/My Drive/weather_project/household_data/tanzania/logs"
{txt}
{com}. 
. * open log
.         log using "$logout/wv4_AGSEC3B", append
{err}log file already open
{txt}{search r(604), local:r(604);}

end of do-file

{search r(604), local:r(604);}

{com}. log close
      {txt}name:  {res}<unnamed>
       {txt}log:  {res}C:/Users/themacfreezie/git/weather_project/tanzania/household_code/logs/wv2_AGSEC3B.smcl
  {txt}log type:  {res}smcl
 {txt}closed on:  {res}11 May 2020, 00:01:43
{txt}{.-}
{smcl}
{txt}{sf}{ul off}{smcl}
{com}{sf}{ul off}{txt}{.-}
      name:  {res}<unnamed>
       {txt}log:  {res}C:/Users/themacfreezie/git/weather_project/tanzania/household_code/logs/wv2_AGSEC3B.smcl
  {txt}log type:  {res}smcl
 {txt}opened on:  {res}11 May 2020, 00:02:52
{txt}
{com}. 
. 
. **********************************************************************************
. **      TZA 2010 (Wave 2) - Agriculture Section 3B 
. **********************************************************************************
. 
. * load data
.         use     "`root'/AG_SEC3B", clear
{err}{p 0 4 2}
file /AG_SEC3B.dta
not found
{p_end}
{txt}{search r(601), local:r(601);}

end of do-file

{search r(601), local:r(601);}

{com}. do "C:\Users\themacfreezie\git\weather_project\tanzania\household_code\wave_2\2010_AGSEC3A.do"
{txt}
{com}. * Project: WB Weather
. * Created on: May 2020
. * Created by: McG
. * Stata v.15
. 
. * does
.         * cleans Tanzania household variables, wave 2 Ag sec3a
.         * plot details, inputs, 2010 long rainy season
. 
. * assumes
.         * customsave.ado
. 
. * TO DO:
.         * completed
. 
.         
. * **********************************************************************
. * 0 - setup
. * **********************************************************************
. 
. * set user
.         global user "themacfreezie"
{txt}
{com}. 
. * define paths
.         global root = "G:/My Drive/weather_project/household_data/tanzania/wave_2/raw"
{txt}
{com}.         global export = "G:/My Drive/weather_project/household_data/tanzania/wave_2/refined"
{txt}
{com}.         global logout = "C:/Users/$user/git/weather_project/tanzania/household_code/logs"
{txt}
{com}. 
. *Open log
.         log using "$logout/wv2_AGSEC3A", append
{err}log file already open
{txt}{search r(604), local:r(604);}

end of do-file

{search r(604), local:r(604);}

{com}. log close
      {txt}name:  {res}<unnamed>
       {txt}log:  {res}C:/Users/themacfreezie/git/weather_project/tanzania/household_code/logs/wv2_AGSEC3B.smcl
  {txt}log type:  {res}smcl
 {txt}closed on:  {res}11 May 2020, 00:03:07
{txt}{.-}
{smcl}
{txt}{sf}{ul off}{smcl}
{com}{sf}{ul off}{txt}{.-}
      name:  {res}<unnamed>
       {txt}log:  {res}C:/Users/themacfreezie/git/weather_project/tanzania/household_code/logs/wv2_AGSEC3B.smcl
  {txt}log type:  {res}smcl
 {txt}opened on:  {res}11 May 2020, 00:05:30
{txt}
{com}. 
. 
. **********************************************************************************
. **      TZA 2010 (Wave 2) - Agriculture Section 3B 
. **********************************************************************************
. 
. * load data
.         use             "$root/AG_SEC3B", clear
{txt}
{com}. 
. * renaming variables of interest
.         rename          y2_hhid hhid
{res}{txt}
{com}.         generate        plot_id = hhid + " " + plotnum
{txt}
{com}.         isid            plot_id
{txt}
{com}. 
. * renaming inputs
.         rename          ag3b_03 status
{res}{txt}
{com}.         rename          zaocode crop_code
{res}{txt}
{com}.         rename          ag3b_17 irrigated 
{res}{txt}
{com}.         rename          ag3b_45 fert_any
{res}{txt}
{com}.         rename          ag3b_47 kilo_fert
{res}{txt}
{com}.         rename          ag3b_58 pesticide_any
{res}{txt}
{com}.         label           define pesticide_anyl 1 "Yes" 2 "No"
{txt}
{com}.         label           values pesticide_any pesticide_anyl
{txt}
{com}. 
. * labor inputs
.         egen            hh_labor_days = rsum(ag3b_70_1 ag3b_70_2 ag3b_70_3 ag3b_70_4 ag3b_70_5 ag3b_70_6 ag3b_70_13 ag3b_70_14 ///
>                                 ag3b_70_15 ag3b_70_16 ag3b_70_17 ag3b_70_18 ag3b_70_37 ag3b_70_38 ag3b_70_39 ag3b_70_40 ag3b_70_41 ag3b_70_42 ///
>                                 ag3b_70_25 ag3b_70_26 ag3b_70_27 ag3b_70_28 ag3b_70_29 ag3b_70_30)
{txt}
{com}. 
.         egen            hired_labor_days = rsum(ag3b_72_1 ag3b_72_2 ag3b_72_21 ag3b_72_4 ag3b_72_5 ag3b_72_51 ///
>                                 ag3b_72_61  ag3b_72_62 ag3b_72_63 ag3b_72_7 ag3b_72_8 ag3b_72_81)
{txt}
{com}. 
.         generate        labor_days = hh_labor_days + hired_labor_days
{txt}
{com}. 
. * generate season variable
.         generate        season = 1      
{txt}
{com}. 
. keep hhid plot_id status crop_code irrigated fert_any kilo_fert pesticide_any labor_days season plotnum
{txt}
{com}. 
. *       Prepare for export
. compress
  {txt}variable {bf}crop_code{sf} was {bf}{res}int{sf}{txt} now {bf}{res}byte{sf}
  {txt}variable {bf}labor_days{sf} was {bf}{res}float{sf}{txt} now {bf}{res}int{sf}
  {txt}variable {bf}season{sf} was {bf}{res}float{sf}{txt} now {bf}{res}byte{sf}
{txt}  (36,456 bytes saved)

{com}. describe

{txt}Contains data from {res}G:/My Drive/weather_project/household_data/tanzania/wave_2/raw/AG_SEC3B.dta
{txt}  obs:{res}         6,076                          
{txt} vars:{res}            11                          01 May 2014 17:47
{txt}{hline}
              storage   display    value
variable name   type    format     label      variable label
{hline}
{p 0 48}{res}{bind:hhid           }{txt}{bind: str16   }{bind:{txt}%-16s     }{space 1}{bind:         }{bind:  }{res}{res}Unique Household Indentifier{p_end}
{p 0 48}{bind:plotnum        }{txt}{bind: str3    }{bind:{txt}%-3s      }{space 1}{bind:         }{bind:  }{res}{res}Plot Code{p_end}
{p 0 48}{bind:status         }{txt}{bind: byte    }{bind:{txt}%16.0g    }{space 1}{bind:ag3b_03  }{bind:  }{res}{res}How did you use [PLOT] during the long rainy season 2010?{p_end}
{p 0 48}{bind:crop_code      }{txt}{bind: byte    }{bind:{txt}%16.0g    }{space 1}{bind:zaocode  }{bind:  }{res}{res}Crop code for main crop{p_end}
{p 0 48}{bind:irrigated      }{txt}{bind: byte    }{bind:{txt}%16.0g    }{space 1}{bind:ag3b_17  }{bind:  }{res}{res}Was [PLOT] irrigated in the long rainy season 2010?{p_end}
{p 0 48}{bind:fert_any       }{txt}{bind: byte    }{bind:{txt}%16.0g    }{space 1}{bind:ag3b_45  }{bind:  }{res}{res}Did you use any INORGANIC FERTILIZER on [PLOT] in the long rainy season 2010?{p_end}
{p 0 48}{bind:kilo_fert      }{txt}{bind: long    }{bind:{txt}%16.0g    }{space 1}{bind:         }{bind:  }{res}{res}What quantity of [FERTILIZER] did you use?{p_end}
{p 0 48}{bind:pesticide_any  }{txt}{bind: byte    }{bind:{txt}%16.0g    }{space 1}{txt}pesticide_anyl{p_end}
{p 0 48}{space 44}{bind:  }{res}{res}Did you use any pesticide/ herbicide on [PLOT] in the long rainy season 2010?{p_end}
{p 0 48}{bind:plot_id        }{txt}{bind: str20   }{bind:{txt}%20s      }{space 1}{bind:         }{bind:  }{res}{res}{p_end}
{p 0 48}{bind:labor_days     }{txt}{bind: int     }{bind:{txt}%9.0g     }{space 1}{bind:         }{bind:  }{res}{res}{p_end}
{p 0 48}{bind:season         }{txt}{bind: byte    }{bind:{txt}%9.0g     }{space 1}{bind:         }{bind:  }{res}{res}{p_end}
{txt}{hline}
Sorted by: 
{res}     Note: Dataset has changed since last saved.
{txt}
{com}. summarize 

{txt}    Variable {c |}        Obs        Mean    Std. Dev.       Min        Max
{hline 13}{c +}{hline 57}
{space 8}hhid {c |}{res}          0
{txt}{space 5}plotnum {c |}{res}          0
{txt}{space 6}status {c |}{res}         31    1.774194    1.627056          1          6
{txt}{space 3}crop_code {c |}{res}         25       17.28    11.91819         11         50
{txt}{space 3}irrigated {c |}{res}         25        1.88    .3316625          1          2
{txt}{hline 13}{c +}{hline 57}
{space 4}fert_any {c |}{res}      1,396    1.952722    .2123088          1          2
{txt}{space 3}kilo_fert {c |}{res}         66    823.7727    6147.556          2      50000
{txt}pesticide_~y {c |}{res}      1,396    1.954871    .2076613          1          2
{txt}{space 5}plot_id {c |}{res}          0
{txt}{space 2}labor_days {c |}{res}      6,076    18.83163    54.17033          0        702
{txt}{hline 13}{c +}{hline 57}
{space 6}season {c |}{res}      6,076           1           0          1          1
{txt}
{com}. sort plot_id
{txt}
{com}. customsave , idvar(plot_id) filename(AG_SEC3B.dta) path("$export") dofile(2010_AGSEC3B) user($user)
 with do file 2010_AGSEC3B by user themacfreezie using computer Torbit

{txt}
{com}. 
. * close the log
.         log     close
      {txt}name:  {res}<unnamed>
       {txt}log:  {res}C:/Users/themacfreezie/git/weather_project/tanzania/household_code/logs/wv2_AGSEC3B.smcl
  {txt}log type:  {res}smcl
 {txt}closed on:  {res}11 May 2020, 00:05:32
{txt}{.-}
{smcl}
{txt}{sf}{ul off}